C166 COMPILER V7.57.0, TIMER                                                               09/21/2023 08:39:20 PAGE 1   


C166 COMPILER V7.57.0, COMPILATION OF MODULE TIMER
OBJECT MODULE PLACED IN .\Objects\timer.obj
COMPILER INVOKED BY: C:\Keil_v5\c166\bin\C166.EXE timer.c WARNINGLEVEL(3) OPTIMIZE(0,SPEED) BROWSE MOD167 DEBUG PRINT(.\
                    -Listings\timer.lst) TABS(2) OBJECT(.\Objects\timer.obj) 

 stmt lvl     source

    1         // a1839619
    2         
    3         # include <reg167.h>
    4         # include "timer.h"
    5         # include "adc.h"
    6         
    7         void T3elapsed(void) interrupt 0x23 {
    8  1        
    9  1        StartADC( ) ;
   10  1      
   11  1      }
   12         
   13         void T3Init( void ) {
   14  1        
   15  1        IEN = 1         ;   // Enable interrupts (PSW |= 0x0800)
   16  1        T3  = T3_RELOAD ;   // Reset T3
   17  1        
   18  1        // Timer3 in timer mode, counting down, pre-scale factor of 128
   19  1        // period: 420 ms, alternate output function disabled
   20  1        // T3CON = 0000 0000 1000 0100 = 0x0084
   21  1        T3CON = 0x0084  ;
   22  1      //  T3CON |=  T3I                 ;
   23  1      //  T3CON |=  ( T3M <<  3 )       ;
   24  1      //  T3UD  =   UD_CONTROL          ;
   25  1      //  T3UDE =   EX_UD_ENABLE        ;
   26  1      //  T3OE  =   ALT_OUT_FUNC_ENABLE ;
   27  1      //  T3IC  = 0x0044  ;   // Enable T3 interrupt, ILVL = 1, GLVL = 0
   28  1      
   29  1      }
   30         
   31         void StartT3( void )  {
   32  1        
   33  1        T3  = T3_RELOAD ;   // Reset T3
   34  1        T3R = 1         ;   // Start timer
   35  1      
   36  1      }


MODULE INFORMATION:   INITIALIZED  UNINITIALIZED
  CODE SIZE        =         118     --------
  NEAR-CONST SIZE  =    --------     --------
  FAR-CONST SIZE   =    --------     --------
  HUGE-CONST SIZE  =    --------     --------
  XHUGE-CONST SIZE =    --------     --------
  NEAR-DATA SIZE   =    --------     --------
  FAR-DATA SIZE    =    --------     --------
  XHUGE-DATA SIZE  =    --------     --------
  IDATA-DATA SIZE  =    --------     --------
  SDATA-DATA SIZE  =    --------     --------
  BDATA-DATA SIZE  =    --------     --------
  HUGE-DATA SIZE   =    --------     --------
  BIT SIZE         =    --------     --------
  INIT'L SIZE      =    --------     --------
END OF MODULE INFORMATION.
C166 COMPILER V7.57.0, TIMER                                                               09/21/2023 08:39:20 PAGE 2   



C166 COMPILATION COMPLETE.  0 WARNING(S),  0 ERROR(S)
